┌─┬─┬─┬─┐
│a│h│o│j│
├─┼─┴─┼─┤
│h│   │o│
├─┤   ├─┤
│o│   │h│
├─┼─┬─┼─┤
│j│o│h│a│
└─┴─┴─┴─┘

