┌─┐         ┌─┬─┐
│1│         │2│2│
└─┼─┬─┬─┬─┐ ├─┼─┘
  │3│3│3│3│ │3│
┌─┼─┼─┴─┼─┼─┼─┼─┐
│4│4│   │5│5│ │8│
└─┼─┤   ├─┼─┼─┼─┘
  │4│   │6│ │6│
┌─┼─┼─┬─┼─┤ ├─┤
│4│4│4│4│4│ │8│
└─┴─┴─┴─┴─┘ └─┘

